// Jest Snapshot v1, https://goo.gl/fbAQLP

exports[`DefaultText component snapshot 1`] = `
<Text
  multiline={true}
  numberOfLines={5}
  style={
    Array [
      Object {
        "color": "#594F4F",
        "fontSize": 29,
        "lineHeight": 39.875,
      },
      undefined,
    ]
  }
/>
`;
